yarn run v1.22.22
$ C:\Users\will\dev\title.dev\repos\mde2\node_modules\.bin\playwright test tests/devtools-panel-fixture.spec.ts --headed --timeout=60000

Running 2 tests using 1 worker

Service worker: chrome-extension://fpiapholkgjcdfplofahhbcedjidedbe/dist/background.js
[Page Console log]: [Meteor DevTools] Content.ts running on http://localhost:33000/
[Page Console log]: [Meteor DevTools] Injecting script: chrome-extension://fpiapholkgjcdfplofahhbcedjidedbe/dist/inject.js
[Page Console log]: [Meteor DevTools] Inject.ts loaded at http://localhost:33000/ Meteor exists: undefined
[Page Console log]: [Meteor DevTools] Inject script loaded
[Page Console info]: %cDownload the React DevTools for a better development experience: https://react.dev/link/react-devtools font-weight:bold
Test page loaded
Panel ready: [33mtrue[39m
[Page Console error]: Failed to load resource: the server responded with a status of 404 (Not Found)
Meteor app ready
Clicking String button to trigger Meteor.call()...
Cache data: {
  "allEntries": [
    {
      "tabId": 1831816922,
      "messageCount": 1364,
      "messages": [
        {
          "eventType": "ddp-event",
          "data": {
            "id": "msg-aaab363dbcbcb8e2",
            "content": "{\"msg\":\"sub\",\"id\":\"yhLRvr2uzKSpAwTP2\",\"name\":\"random1to100\",\"params\":[]}",
            "isOutbound": true,
            "timestamp": 1759808639181,
            "byteSize": 72,
            "rawStackTrace": "Error\n    at chrome-extension://fpiapholkgjcdfplofahhbcedjidedbe/dist/inject.js:1:3455\n    at t.sendLogMessage (chrome-extension://fpiapholkgjcdfplofahhbcedjidedbe/dist/inject.js:1:3512)\n    at Meteor.connection._stream.send (chrome-extension://fpiapholkgjcdfplofahhbcedjidedbe/dist/inject.js:1:4568)\n    at Connection._send (http://localhost:33000/packages/ddp-client.js?hash=12df120d82048869c74b009c3544bf96a2f333dc:1253:18)\n    at Connection.subscribe (http://localhost:33000/packages/ddp-client.js?hash=12df120d82048869c74b009c3544bf96a2f333dc:695:12)\n    at Object.reactiveFn (http://localhost:33000/app/app.js?hash=dad06ffd9d78139111a6b3b6c87f758499f512cc:103:27)\n    at http://localhost:33000/packages/react-meteor-data.js?hash=5771e56e3974b64551a2c14983839c5f14739ca4:428:25\n    at Computation._compute (http://localhost:33000/packages/tracker.js?hash=ecbe849d006df6e1e5fbeffa6ccd0e6a315a601c:315:38)\n    at new Computation (http://localhost:33000/packages/tracker.js?hash=ecbe849d006df6e1e5fbeffa6ccd0e6a315a601c:221:12)\n    at Tracker.autorun (http://localhost:33000/packages/tracker.js?hash=ecbe849d006df6e1e5fbeffa6ccd0e6a315a601c:563:11)\n    at http://localhost:33000/packages/react-meteor-data.js?hash=5771e56e3974b64551a2c14983839c5f14739ca4:427:52\n    at Tracker.nonreactive (http://localhost:33000/packages/tracker.js?hash=ecbe849d006df6e1e5fbeffa6ccd0e6a315a601c:586:12)\n    at http://localhost:33000/packages/react-meteor-data.js?hash=5771e56e3974b64551a2c14983839c5f14739ca4:427:26\n    at mountMemo (http://localhost:33000/packages/modules.js?hash=9893241cb376761cd444a863ec53f03b2cdd535c:28497:23)\n    at Object.useMemo (http://localhost:33000/packages/modules.js?hash=9893241cb376761cd444a863ec53f03b2cdd535c:45936:18)",
            "host": "localhost:33000"
          },
          "source": "meteor-devtools-evolved"
        },
        {
          "eventType": "meteor-data-performance",
          "data": {
            "collectionName": "random",
            "key": "find",
            "args": "[{}]",
            "runtime": 1
          },
          "source": "meteor-devtools-evolved"
        },
        {
          "eventType": "minimongo-method",
          "data": {
            "collectionName": "random",
            "method": "find",
            "selector": {},
            "runtime": 1,
            "stackTrace": "Error\n    at chrome-extension://fpiapholkgjcdfplofahhbcedjidedbe/dist/inject.js:1:5880\n    at Object.entries.forEach.t.<computed> [as find] (chrome-extension://fpiapholkgjcdfplofahhbcedjidedbe/dist/inject.js:1:5923)\n    at Object.reactiveFn (http://localhost:33000/app/app.js?hash=dad06ffd9d78139111a6b3b6c87f758499f512cc:106:30)\n    at http://localhost:33000/packages/react-meteor-data.js?hash=5771e56e3974b64551a2c14983839c5f14739ca4:428:25\n    at Computation._compute (http://localhost:33000/packages/tracker.js?hash=ecbe849d006df6e1e5fbeffa6ccd0e6a315a601c:315:38)\n    at new Computation (http://localhost:33000/packages/tracker.js?hash=ecbe849d006df6e1e5fbeffa6ccd0e6a315a601c:221:12)\n    at Tracker.autorun (http://localhost:33000/packages/tracker.js?hash=ecbe849d006df6e1e5fbeffa6ccd0e6a315a601c:563:11)\n    at http://localhost:33000/packages/react-meteor-data.js?hash=5771e56e3974b64551a2c14983839c5f14739ca4:427:52\n    at Tracker.nonreactive (http://localhost:33000/packages/tracker.js?hash=ecbe849d006df6e1e5fbeffa6ccd0e6a315a601c:586:12)\n    at http://localhost:33000/packages/react-meteor-data.js?hash=5771e56e3974b64551a2c14983839c5f14739ca4:427:26",
            "timestamp": 1759808639181
          },
          "source": "meteor-devtools-evolved"
        },
        {
          "eventType": "meteor-data-performance",
          "data": {
            "collectionName": "random",
            "key": "forEach",
            "args": "[null]",
            "runtime": 0
          },
          "source": "meteor-devtools-evolved"
        },
        {
          "eventType": "minimongo-method",
          "data": {
            "collectionName": "random",
            "method": "forEach",
            "selector": {},
            "options": {},
            "runtime": 0,
            "timestamp": 1759808639182
          },
          "source": "meteor-devtools-evolved"
        }
      ]
    }
  ],
  "cacheSize": 1
}
Tabs with cached messages: [ [32m'Tab 1831816922: 1364 messages'[39m ]
  ✓  1 [chromium] › tests\devtools-panel-fixture.spec.ts:103:3 › MDE2 DevTools Panel - Fixture Pattern › Should capture DDP messages in background cache (3.6s)
Service worker: chrome-extension://fpiapholkgjcdfplofahhbcedjidedbe/dist/background.js
[Page Console log]: [Meteor DevTools] Content.ts running on http://localhost:33000/
[Page Console log]: [Meteor DevTools] Injecting script: chrome-extension://fpiapholkgjcdfplofahhbcedjidedbe/dist/inject.js
[Page Console log]: [Meteor DevTools] Inject.ts loaded at http://localhost:33000/ Meteor exists: undefined
[Page Console log]: [Meteor DevTools] Inject script loaded
[Page Console info]: %cDownload the React DevTools for a better development experience: https://react.dev/link/react-devtools font-weight:bold
Test page loaded
Panel ready: [33mtrue[39m
[Page Console error]: Failed to load resource: the server responded with a status of 404 (Not Found)
  ✓  2 [chromium] › tests\devtools-panel-fixture.spec.ts:166:3 › MDE2 DevTools Panel - Fixture Pattern › Should capture multiple DDP calls (4.1s)

  2 passed (8.4s)
Done in 9.30s.
